
> @bulog-wms/api@0.0.1 build C:\Users\raditya\Documents\Coding\WMS\apps\api
> nest build

[96msrc/modules/stack-card/stack-card.service.ts[0m:[93m28[0m:[93m18[0m - [91merror[0m[90m TS2339: [0mProperty 'stackCard' does not exist on type 'Omit<PrismaClient<PrismaClientOptions, never, DefaultArgs>, "$on" | "$connect" | "$disconnect" | "$use" | "$extends">'.

[7m28[0m         await tx.stackCard.deleteMany({
[7m  [0m [91m                 ~~~~~~~~~[0m
[96msrc/modules/stack-card/stack-card.service.ts[0m:[93m78[0m:[93m16[0m - [91merror[0m[90m TS2339: [0mProperty 'stackCard' does not exist on type 'Omit<PrismaClient<PrismaClientOptions, never, DefaultArgs>, "$on" | "$connect" | "$disconnect" | "$use" | "$extends">'.

[7m78[0m       await tx.stackCard.createMany({
[7m  [0m [91m               ~~~~~~~~~[0m
[96msrc/modules/stack-card/stack-card.service.ts[0m:[93m83[0m:[93m34[0m - [91merror[0m[90m TS2339: [0mProperty 'stackCardUploadLog' does not exist on type 'Omit<PrismaClient<PrismaClientOptions, never, DefaultArgs>, "$on" | "$connect" | "$disconnect" | "$use" | "$extends">'.

[7m83[0m       const uploadLog = await tx.stackCardUploadLog.create({
[7m  [0m [91m                                 ~~~~~~~~~~~~~~~~~~[0m
[96msrc/modules/stack-card/stack-card.service.ts[0m:[93m145[0m:[93m19[0m - [91merror[0m[90m TS2339: [0mProperty 'stackCard' does not exist on type 'PrismaService'.

[7m145[0m       this.prisma.stackCard.findMany({
[7m   [0m [91m                  ~~~~~~~~~[0m
[96msrc/modules/stack-card/stack-card.service.ts[0m:[93m151[0m:[93m19[0m - [91merror[0m[90m TS2339: [0mProperty 'stackCard' does not exist on type 'PrismaService'.

[7m151[0m       this.prisma.stackCard.count({ where }),
[7m   [0m [91m                  ~~~~~~~~~[0m
[96msrc/modules/stack-card/stack-card.service.ts[0m:[93m155[0m:[93m37[0m - [91merror[0m[90m TS2339: [0mProperty 'stackCard' does not exist on type 'PrismaService'.

[7m155[0m     const stats = await this.prisma.stackCard.aggregate({
[7m   [0m [91m                                    ~~~~~~~~~[0m
[96msrc/modules/stack-card/stack-card.service.ts[0m:[93m168[0m:[93m42[0m - [91merror[0m[90m TS2339: [0mProperty 'stackCard' does not exist on type 'PrismaService'.

[7m168[0m     const uniqueSkus = await this.prisma.stackCard.groupBy({
[7m   [0m [91m                                         ~~~~~~~~~[0m
[96msrc/modules/stack-card/stack-card.service.ts[0m:[93m172[0m:[93m42[0m - [91merror[0m[90m TS2339: [0mProperty 'stackCard' does not exist on type 'PrismaService'.

[7m172[0m     const uniqueLots = await this.prisma.stackCard.groupBy({
[7m   [0m [91m                                         ~~~~~~~~~[0m
[96msrc/modules/stack-card/stack-card.service.ts[0m:[93m193[0m:[93m38[0m - [91merror[0m[90m TS2339: [0mProperty 'stackCard' does not exist on type 'PrismaService'.

[7m193[0m     const record = await this.prisma.stackCard.findFirst({
[7m   [0m [91m                                     ~~~~~~~~~[0m
[96msrc/modules/stack-card/stack-card.service.ts[0m:[93m225[0m:[93m24[0m - [91merror[0m[90m TS2339: [0mProperty 'stackCard' does not exist on type 'PrismaService'.

[7m225[0m     return this.prisma.stackCard.update({
[7m   [0m [91m                       ~~~~~~~~~[0m
[96msrc/modules/stack-card/stack-card.service.ts[0m:[93m249[0m:[93m23[0m - [91merror[0m[90m TS2339: [0mProperty 'stackCard' does not exist on type 'PrismaService'.
Found 17 error(s).


[7m249[0m     await this.prisma.stackCard.delete({
[7m   [0m [91m                      ~~~~~~~~~[0m
[96msrc/modules/stack-card/stack-card.service.ts[0m:[93m256[0m:[93m38[0m - [91merror[0m[90m TS2339: [0mProperty 'stackCard' does not exist on type 'PrismaService'.

[7m256[0m     const result = await this.prisma.stackCard.deleteMany({
[7m   [0m [91m                                     ~~~~~~~~~[0m
[96msrc/modules/stack-card/stack-card.service.ts[0m:[93m273[0m:[93m38[0m - [91merror[0m[90m TS2339: [0mProperty 'stackCard' does not exist on type 'PrismaService'.

[7m273[0m     const result = await this.prisma.stackCard.updateMany({
[7m   [0m [91m                                     ~~~~~~~~~[0m
[96msrc/modules/stack-card/stack-card.service.ts[0m:[93m298[0m:[93m38[0m - [91merror[0m[90m TS2339: [0mProperty 'stackCard' does not exist on type 'PrismaService'.

[7m298[0m     const result = await this.prisma.stackCard.updateMany({
[7m   [0m [91m                                     ~~~~~~~~~[0m
[96msrc/modules/stack-card/stack-card.service.ts[0m:[93m317[0m:[93m24[0m - [91merror[0m[90m TS2339: [0mProperty 'stackCardUploadLog' does not exist on type 'PrismaService'.

[7m317[0m     return this.prisma.stackCardUploadLog.findMany({
[7m   [0m [91m                       ~~~~~~~~~~~~~~~~~~[0m
[96msrc/modules/stack-card/stack-card.service.ts[0m:[93m336[0m:[93m37[0m - [91merror[0m[90m TS2339: [0mProperty 'stackCard' does not exist on type 'PrismaService'.

[7m336[0m     const dates = await this.prisma.stackCard.findMany({
[7m   [0m [91m                                    ~~~~~~~~~[0m
[96msrc/modules/stack-card/stack-card.service.ts[0m:[93m356[0m:[93m41[0m - [91merror[0m[90m TS2339: [0mProperty 'stackCard' does not exist on type 'PrismaService'.

[7m356[0m     const locations = await this.prisma.stackCard.findMany({
[7m   [0m [91m                                        ~~~~~~~~~[0m

 ELIFECYCLE  Command failed with exit code 1.
